TYPE SIGNATURES
TYPE CONSTRUCTORS
  type role T representational
  data T (a :: k)
COERCION AXIOMS
Dependent modules: []
Dependent packages: [array-0.5.1.1, base-4.9.0.0, deepseq-1.4.2.0,
                     ghc-boot-th-8.1, ghc-prim-0.5.0.0, integer-gmp-1.0.0.1,
                     pretty-1.1.3.3, template-haskell-2.11.0.0]

==================== Typechecker ====================
TH_Roles2.$tcT
  = GHC.Types.$WTyCon
      6325001754388382679##
      4656387726417942748##
      TH_Roles2.$trModule
      (GHC.Types.$WTrNameS "T"#)
TH_Roles2.$trModule
  = GHC.Types.$WModule
      (GHC.Types.$WTrNameS "main"#) (GHC.Types.$WTrNameS "TH_Roles2"#)

