
<interactive>:10:1: error:
    • No instance for (Show Opaque) arising from a use of ‘print’
    • In a stmt of an interactive GHCi command: print it
