t = (_t1::Opaque)
_t1 :: Opaque
()
t = O (_t2::a)
()
t = O ((_t3::a1) : (_t4::[a1]))
_t4 :: [a1]
