Just 1.2
f = Just 1.2
i = (_t1::Maybe Integer)
10
i = Just 10
'a'
s = S1 'a' 'b' 'c'
s = S1 'a' 'b' 'c'
