t = (_t1::Opaque)
t :: Opaque = _
_t1 :: Opaque = _
()
t = O (_t2::a)
t :: Opaque = O _
_t1 :: Opaque = O _
it :: () = ()
_t2 :: a = _
()
t = O ((_t3::a1) : (_t4::[a1]))
()
t = O ((_t5::a2) : (_t6::a2) : (_t7::[a2]))
