t = (_t1::Opaque)
()
t = O (_t2::a)
t = O (_t3::a1)
t = O (_t4::a2)
t = O (_t5::a4)
