a = (_t1::Opaque)
b = (_t2::Opaque)
()
_t1 = O (_t3::a)
a :: Opaque = O _
b :: Opaque = _
_t1 :: Opaque = O _
_t2 :: Opaque = _
it :: () = ()
_t3 :: a = _
