o = (_t1::Opaque)
()
_t1 :: Opaque
o = O (_t2::a)
