
==================== FloatOut stats: ====================
1 Lets floated to top level; 0 Lets floated elsewhere; from 1 Lambda groups



==================== FloatOut stats: ====================
0 Lets floated to top level; 0 Lets floated elsewhere; from 0 Lambda groups



==================== Grand total simplifier statistics ====================
Total ticks:     70

22 PreInlineUnconditionally
  2 dt
  1 n
  1 wa
  1 wa
  1 dt
  1 dt
  1 g
  1 a
  1 xs
  1 ys
  1 k
  1 z
  1 g
  1 g
  1 h
  1 n
  1 a
  1 lvl
  1 lvl
  1 lvl
  1 lvl
4 PostInlineUnconditionally
  1 c
  1 n
  1 c
  1 c
5 UnfoldingDone
  2 GHC.Types.$WTrNameS
  1 GHC.Base.build
  1 GHC.Types.$W:
  1 GHC.Types.$WModule
5 RuleFired
  1 ++
  1 augment/build
  1 fold/build
  1 unpack
  1 unpack-list
2 LetFloatFromLet 2
32 BetaReduction
  2 dt
  1 a
  1 a
  1 c
  1 n
  1 wa
  1 wa
  1 dt
  1 dt
  1 a
  1 g
  1 a
  1 b
  1 a
  1 xs
  1 ys
  1 b
  1 c
  1 n
  1 a
  1 b
  1 k
  1 z
  1 g
  1 a
  1 g
  1 h
  1 b
  1 c
  1 n
  1 a
11 SimplifierDone 11


