f = \ (ds :: Bar) -> case ds of { Bar dt dt1 -> GHC.Types.I# [dt] }
